// Jest Snapshot v1, https://goo.gl/fbAQLP

exports[`<Main /> should render 1`] = `
<div>
  <main
    class="main"
  >
    <h1
      class="title"
    >
      Cont√°ctame
    </h1>
  </main>
</div>
`;
