// Jest Snapshot v1, https://goo.gl/fbAQLP

exports[`<Modal /> should render 1`] = `
<div>
  <div
    class="modal"
  >
    Ã‰xito
    <span>
      Success
    </span>
    <button />
  </div>
</div>
`;

exports[`<Modal /> should render 2`] = `
<div>
  <div
    class="modal"
  >
    Fracaso
    <span>
      Success
    </span>
    <button />
  </div>
</div>
`;
