// Jest Snapshot v1, https://goo.gl/fbAQLP

exports[`<Body /> should render 1`] = `
<div>
  <div
    class="body"
  />
</div>
`;
