// Jest Snapshot v1, https://goo.gl/fbAQLP

exports[`<Loader /> should render 1`] = `
<div>
  <div
    class="wrapper"
  >
    <div
      class="boxWrap"
    >
      <div
        class="box one"
      />
      <div
        class="box two"
      />
      <div
        class="box three"
      />
      <div
        class="box four"
      />
      <div
        class="box five"
      />
      <div
        class="box six"
      />
    </div>
  </div>
</div>
`;
