// Jest Snapshot v1, https://goo.gl/fbAQLP

exports['<About /> should render 1'] = `
<div>
  <div />
  <div
    style="position: relative; background-color: rgb(0, 85, 124);"
  >
    <div />
    <div />
    <div />
    <div />
  </div>
  <div />
</div>
`;
