// Jest Snapshot v1, https://goo.gl/fbAQLP

exports[`<MyParticles /> should render 1`] = `<div />`;
