// Jest Snapshot v1, https://goo.gl/fbAQLP

exports[`<Contact /> should render 1`] = `
<div>
  <div
    class="linkContainer"
  >
    <ul
      class="linksList"
    >
      <div
        class="verticalLine"
      />
    </ul>
  </div>
</div>
`;
