// Jest Snapshot v1, https://goo.gl/fbAQLP

exports[`<AboutSkill /> should render 1`] = `
<div>
  <div
    class="skillCard"
  >
    <div
      class="skillImageContainer"
    />
    <p
      class="skillName"
    >
      HTML 5
    </p>
  </div>
</div>
`;
