// Jest Snapshot v1, https://goo.gl/fbAQLP

exports['<Section /> should render 1'] = `
<div>
  <section
    class="section"
    id="data-testid"
  >
    <h3
      class="title"
    >
      test-title
    </h3>
  </section>
</div>
`;
