// Jest Snapshot v1, https://goo.gl/fbAQLP

exports[`<Home /> should render 1`] = `
<div>
  <section
    class="home"
    id="home"
  >
    <div
      class="cuadro"
    >
      <h1
        class="myName"
      >
        Basti√°n Paredes
      </h1>
      <div
        class="typewriterContainer"
      />
    </div>
    <a
      class="btnDown"
      href="#about"
    />
  </section>
</div>
`;
