// Jest Snapshot v1, https://goo.gl/fbAQLP

exports[`<Modal /> should render 1`] = `
<div>
  <div
    class="modal"
  >
    <button
      class="button"
      data-testid="data-testid-button-closer-modal"
    />
    <div
      class="childrenContainer"
    />
  </div>
</div>
`;
