// Jest Snapshot v1, https://goo.gl/fbAQLP

exports[`/contact should render 1`] = `<div />`;
