// Jest Snapshot v1, https://goo.gl/fbAQLP

exports[`<NavLink /> should render 1`] = `
<div>
  <li
    class="link"
  >
    <a
      class="link__a"
      href="#home"
    >
      Home
    </a>
  </li>
</div>
`;
