// Jest Snapshot v1, https://goo.gl/fbAQLP

exports[`<Portfolio /> should render 1`] = `
<div>
  <div
    class="projectsContainer"
  />
</div>
`;
